../Core/Src/main.c:77:5:main	104	static
../Core/Src/main.c:163:6:SystemClock_Config	72	static
../Core/Src/main.c:199:13:MX_TIM4_Init	32	static
../Core/Src/main.c:244:13:MX_GPIO_Init	32	static
../Core/Src/main.c:269:6:AccessSharedData	8	static
../Core/Src/main.c:288:6:SimulateReadWriteOperation	16	static,ignoring_inline_asm
../Core/Src/main.c:306:6:StartDefaultTask	16	static
../Core/Src/main.c:324:6:GreenTask	16	static
../Core/Src/main.c:357:6:RedTask	16	static
../Core/Src/main.c:386:6:HAL_TIM_PeriodElapsedCallback	16	static
../Core/Src/main.c:398:6:Error_Handler	4	static,ignoring_inline_asm
